---
source: tests/ast_test.rs
expression: "DisplaySyntax::new(\"SyntaxError: fail\",\n        Span { start: 14, end: 17 }).debug_payload(&payload)"
---
SyntaxError: fail

>    2 | FOO: String<Max=500>
         ▀▀▀
    at <unknown>:2:1

