---
source: tests/ast_test.rs
expression: "AST::parse(tokens)"
---
Document {
    span: Span {
        start: 0,
        end: 9,
    },
    executable: Some(
        "#!/bin/sh",
    ),
    elements: [],
}
