---
source: tests/ast_test.rs
expression: err.debug_payload_full(&payload)
---
SyntaxError: fail

>    3 | FOO: String<Max=500>
              ▀▀▀▀▀▀▀▀▀▀▀▀▀▀▀
>    4 | BIZ: String<Max=500 Min=2>
         ▀▀▀▀▀▀▀▀▀▀▀▀▀▀▀▀▀▀▀▀▀▀▀▀▀▀
>    5 | PORT: Number
         ▀▀▀▀

