---
source: tests/ast_test.rs
expression: "AST::parse(tokens)"
---
Document {
    span: Span {
        start: 0,
        end: 39,
    },
    executable: None,
    elements: [
        CommentBlock {
            span: Span {
                start: 0,
                end: 39,
            },
            raw: [
                "# I'm comment",
                "# Second line comment",
            ],
        },
    ],
}
