---
source: tests/ast_test.rs
expression: "AST::parse(tokens).unwrap()"
---
Document {
    span: Span {
        start: 0,
        end: 19,
    },
    executable: None,
    elements: [
        Variable {
            span: Span {
                start: 0,
                end: 19,
            },
            comment: None,
            name: "port",
            variable_type: Some(
                "number",
            ),
            options_variable_type: None,
            default_value: Some(
                DefaultValue {
                    span: Span {
                        start: 15,
                        end: 19,
                    },
                    value: "3000",
                },
            ),
            nullable: false,
        },
    ],
}
