---
source: tests/envuse_test.rs
expression: program.to_string()
---
SyntaxError: Unexpected type

>    1 | FOO "biz"
              ▀▀▀
    at <unknown>:1:6

