---
source: tests/envuse_test.rs
expression: "program.parse([(\"FOO\", \"true\")])"
---
{
    "FOO": Boolean(
        true,
    ),
}
