---
source: tests/envuse_test.rs
expression: error.get_message()
---
SyntaxError: Unexpected type

>    3 | 	FOO 123
              ▀▀
    at <unknown>:3:6

