---
source: tests/envuse_test.rs
expression: "program.parse([(\"BAR\", \"true\")])"
---
{
    "FOO": String(
        "Biz",
    ),
}
