---
source: tests/envuse_test.rs
expression: error.to_string()
---
ParseError: Type unknown is not valid type

>    2 |             FOO: unknown
                     ▀▀▀▀▀▀▀▀▀▀▀▀
    at .envuse:2:13

