---
source: tests/envuse_test.rs
expression: "program.parse([(\"FOO\", \"BAR\")], None)"
---
Ok(
    {
        "FOO": String(
            "BAR",
        ),
    },
)
