---
source: tests/envuse_test.rs
expression: "program.parse([(\"FOO\", \"30_000\")], None)"
---
Ok(
    {
        "FOO": Number(
            30000,
        ),
    },
)
