---
source: tests/envuse_test.rs
expression: "program.parse([(\"BAR\", \"true\")], None)"
---
Ok(
    {
        "FOO": String(
            "Biz",
        ),
    },
)
