---
source: tests/envuse_test.rs
expression: program.parse(envs)
---
BAR:
  Number: 1223
BIZ:
  Boolean: true
BLI: "Null"
FOO:
  String: val

