---
source: tests/tokenizer_test.rs
expression: tokens
---
[
    Token {
        kind: "number",
        raw: "12",
        span: Span {
            start: 0,
            end: 2,
        },
    },
]
